// Vitest Snapshot v1, https://vitest.dev/guide/snapshot.html

exports[`e2e:is-unicode-supported > should expose public api 1`] = `[]`;
